[14:30:47] [ERROR] [FabricLoader/]: Uncaught exception in thread "main"
net.fabricmc.loader.impl.util.ExceptionUtil$WrappedException: java.io.IOException: error reading D:\MCPY\minecraft\libraries\it\unimi\dsi\fastutil\8.5.18\fastutil-8.5.18.jar
	at net.fabricmc.loader.impl.util.ExceptionUtil.wrap(ExceptionUtil.java:51)
	at net.fabricmc.loader.impl.game.minecraft.MinecraftGameProvider.locateGame(MinecraftGameProvider.java:260)
	at net.fabricmc.loader.impl.launch.knot.Knot.createGameProvider(Knot.java:171)
	at net.fabricmc.loader.impl.launch.knot.Knot.init(Knot.java:128)
	at net.fabricmc.loader.impl.launch.knot.Knot.launch(Knot.java:66)
	at net.fabricmc.loader.impl.launch.knot.KnotClient.main(KnotClient.java:23)
Caused by: java.io.IOException: error reading D:\MCPY\minecraft\libraries\it\unimi\dsi\fastutil\8.5.18\fastutil-8.5.18.jar
	at net.fabricmc.loader.impl.game.LibClassifier.process(LibClassifier.java:215)
	at net.fabricmc.loader.impl.game.LibClassifier.process(LibClassifier.java:162)
	at net.fabricmc.loader.impl.game.minecraft.MinecraftGameProvider.locateGame(MinecraftGameProvider.java:209)
	... 4 more
Caused by: java.util.zip.ZipException: zip END header not found
	at java.base/java.util.zip.ZipFile$Source.findEND(ZipFile.java:1693)
	at java.base/java.util.zip.ZipFile$Source.initCEN(ZipFile.java:1701)
	at java.base/java.util.zip.ZipFile$Source.<init>(ZipFile.java:1542)
	at java.base/java.util.zip.ZipFile$Source.get(ZipFile.java:1506)
	at java.base/java.util.zip.ZipFile$CleanableResource.<init>(ZipFile.java:704)
	at java.base/java.util.zip.ZipFile.<init>(ZipFile.java:204)
	at java.base/java.util.zip.ZipFile.<init>(ZipFile.java:150)
	at java.base/java.util.zip.ZipFile.<init>(ZipFile.java:164)
	at net.fabricmc.loader.impl.game.LibClassifier.process(LibClassifier.java:202)
	... 6 more
